[utmbuilder.net/index.html]
[backblue.gif]
[fade.gif]
[index.html]
[utmbuilder.net/assets/images/favicon.ico]
[d33wubrfki0l68.cloudfront.net/assets/images/74f115b59d3b23006a578390ba3e0f665f652cbc/logo-74f115b5.png]
[utmbuilder.net/simple-url-builders/index.html]
[ajax.googleapis.com/ajax/libs/jquery/2.1.4/jquery.min.js]
[utmbuilder.net/spreadsheets/index.html]
[utmbuilder.net/testing-utm-builders/index.html]
[utmbuilder.net/Please fill all the required fields before we can generate the UTM URL.5.delayed]
[utmbuilder.net/index.html]
[utmbuilder.net/assets/javascripts/all-1ffe8634.js]
[utmbuilder.net/assets/stylesheets/site-f66f906a.css]
[utmbuilder.net/assets/fonts/icomoon-3e35cf37e627.eot]
[utmbuilder.net/assets/fonts/icomoon-3e35cf37d41d.eot]
[utmbuilder.net/assets/fonts/icomoon-28fabad2e627.woff]
[utmbuilder.net/assets/fonts/icomoon-fb84c497e627.ttf]
[utmbuilder.net/assets/css/icons/glyphicons/glyphicons-halflings-regular.b.delayed]
[utmbuilder.net/assets/css/icons/glyphicons/glyphicons-halflings-regular.cd41d.delayed]
[utmbuilder.net/assets/css/icons/glyphicons/glyphicons-halflings-regular.d.delayed]
[utmbuilder.net/assets/fonts/icomoon-f09afd47e627.svg]
[utmbuilder.net/assets/css/icons/glyphicons/glyphicons-halflings-regular.e.delayed]
[utmbuilder.net/assets/css/icons/glyphicons/glyphicons-halflings-regular.f.delayed]
[utmbuilder.net/assets/css/icons/glyphicons/glyphicons-halflings-regular.10.delayed]
[utmbuilder.net/assets/images/login_cover.11.delayed]
[utmbuilder.net/assets/images/backgrounds/seamless.12.delayed]
[utmbuilder.net/assets/css/icons/summernote/summernote.13f534.delayed]
[utmbuilder.net/assets/css/icons/summernote/summernote.14d41d.delayed]
[utmbuilder.net/assets/css/icons/summernote/summernote.15f534.delayed]
[utmbuilder.net/assets/css/icons/summernote/summernote.16f534.delayed]
[utmbuilder.net/assets/images/brands/amazon.17.delayed]
[utmbuilder.net/assets/images/brands/youtube.18.delayed]
[utmbuilder.net/assets/images/brands/twitter.19.delayed]
[utmbuilder.net/assets/images/brands/bing.1a.delayed]
[utmbuilder.net/assets/images/brands/spotify.1b.delayed]
[utmbuilder.net/assets/images/logo-74f115b5.png]
[utmbuilder.net/assets/images/logo_white-bd277150.png]
[utmbuilder.net/assets/images/terminus_logo-1c7033a9.png]
[utmbuilder.net/assets/images/terminus_logo_white-738f9f2e.png]
[utmbuilder.net/assets/images/home-screenshot1.20.delayed]
[utmbuilder.net/assets/stylesheets/site-f66f906a.css]
[utmbuilder.net/simple-url-builders/utmmaker.21.delayed]
[utmbuilder.net/simple-url-builders/index.html]
[d33wubrfki0l68.cloudfront.net/c86a3fd2abcf28bec3106ed30930eb93657d0223/25758/assets/images/spreadsheets/utm-builder-amazee-metrics-c86a3fd2.png]
[d33wubrfki0l68.cloudfront.net/1a48d52f348d8869ec2c4e12781a0bbf2ac67a71/54753/assets/images/spreadsheets/utm-builder-whole-whale-1a48d52f.png]
[d33wubrfki0l68.cloudfront.net/a2320957d75a3750e9a71057e04a20cb6ff14460/bd639/assets/images/spreadsheets/utm-builder-linktosheets-a2320957.png]
[d33wubrfki0l68.cloudfront.net/18e362433a6cde9213ff0760f9762461a82bfe74/0026b/assets/images/spreadsheets/utm-builder-chameleon-collective-18e36243.png]
[d33wubrfki0l68.cloudfront.net/75ecb3c3a9cd405c82ef51d12c7b14bbf446723c/9761a/assets/images/spreadsheets/utm-builder-cardinal-path-75ecb3c3.png]
[d33wubrfki0l68.cloudfront.net/ddaa389d9338969c48d409aaeb7fe45208446a44/40084/assets/images/spreadsheets/utm-builder-annielytics-ddaa389d.png]
[utmbuilder.net/spreadsheets/index.html]
[utmbuilder.net/testing-utm-builders/index.html]
[utmbuilder.net/Please fill all the required fields before we can generate the UTM URL.html]
[utmbuilder.net/assets/fonts/icomoon-f09afd47e627.svg]
[utmbuilder.net/assets/css/icons/glyphicons/glyphicons-halflings-regular.html]
[utmbuilder.net/assets/css/icons/glyphicons/glyphicons-halflings-regulard41d.html]
[utmbuilder.net/assets/css/icons/glyphicons/glyphicons-halflings-regular-2.html]
[utmbuilder.net/assets/css/icons/glyphicons/glyphicons-halflings-regular-3.html]
[utmbuilder.net/assets/css/icons/glyphicons/glyphicons-halflings-regular-4.html]
[utmbuilder.net/assets/css/icons/glyphicons/glyphicons-halflings-regular-5.html]
[utmbuilder.net/assets/images/login_cover.html]
[utmbuilder.net/assets/images/backgrounds/seamless.html]
[utmbuilder.net/assets/css/icons/summernote/summernotef534.html]
[utmbuilder.net/assets/css/icons/summernote/summernoted41d.html]
[utmbuilder.net/assets/css/icons/summernote/summernotef534-2.html]
[utmbuilder.net/assets/css/icons/summernote/summernotef534-3.html]
[utmbuilder.net/assets/images/brands/amazon.html]
[utmbuilder.net/assets/images/brands/youtube.html]
[utmbuilder.net/assets/images/brands/twitter.html]
[utmbuilder.net/assets/images/brands/bing.html]
[utmbuilder.net/assets/images/brands/spotify.html]
[utmbuilder.net/assets/images/home-screenshot1.html]
[utmbuilder.net/simple-url-builders/utmmaker.html]
